START
BEFORE CURL
START
START
START
START
START
START
START
START
START
START
START
START
START
START
START
START
START
START
START
START
START
START
BEFORE CURL
START
START
START
START
START
BEFORE CURL
START
START
START
START
START
START
START
START
START
START
START
START
START
START
START
START
BEFORE CURL
START
START
START
START
BEFORE CURL
START
START
START
START
START
START
START
START
START
START
START
START
START
START
START
START
START
START
START
START
START
START
BEFORE CURL
START
START
START
START
START
START
START
START
START
START
START
BEFORE CURL
START
START
BEFORE CURL
BEFORE CURL
2026-03-25T13:46:45-07:00 START
2026-03-25T13:46:45-07:00 BEFORE CONFIG
2026-03-25T13:46:45-07:00 AFTER CONFIG
2026-03-25T13:46:45-07:00 BEFORE TOMORROW INCLUDE
2026-03-25T13:46:45-07:00 AFTER TOMORROW INCLUDE
2026-03-25T13:46:45-07:00 BEFORE FETCH
2026-03-25T13:46:45-07:00 CATCH: RuntimeException Missing TOMORROW_API_KEY.
2026-03-25T13:46:45-07:00 SHUTDOWN: clean
2026-03-25T13:51:35-07:00 START
2026-03-25T13:51:35-07:00 BEFORE CONFIG
2026-03-25T13:51:35-07:00 AFTER CONFIG
2026-03-25T13:51:35-07:00 BEFORE TOMORROW INCLUDE
2026-03-25T13:51:35-07:00 AFTER TOMORROW INCLUDE
2026-03-25T13:51:35-07:00 BEFORE FETCH
2026-03-25T13:51:36-07:00 AFTER FETCH
2026-03-25T13:51:36-07:00 CONTENT TYPE: image/png
2026-03-25T13:51:36-07:00 BODY BYTES: 863
2026-03-25T13:51:36-07:00 SHUTDOWN: clean
